
Setting environment for using XAMPP for Windows.
Itvedant CR-07@CR3-PC07 c:\xampp
# mysql -u root
Welcome to the MariaDB monitor.  Commands end with ; or \g.
Your MariaDB connection id is 8
Server version: 10.4.28-MariaDB mariadb.org binary distribution

Copyright (c) 2000, 2018, Oracle, MariaDB Corporation Ab and others.

Type 'help;' or '\h' for help. Type '\c' to clear the current input statement.

MariaDB [(none)]> use sms
Database changed
MariaDB [sms]> show databases;
+--------------------+
| Database           |
+--------------------+
| geeks4geeks        |
| information_schema |
| mysql              |
| performance_schema |
| phpmyadmin         |
| sms                |
| test               |
+--------------------+
7 rows in set (0.034 sec)

MariaDB [sms]> show table;
ERROR 1064 (42000): You have an error in your SQL syntax; check the manual that corresponds to your MariaDB server version for the right syntax to use near '' at line 1
MariaDB [sms]> show tables;
+---------------+
| Tables_in_sms |
+---------------+
| employee      |
| india         |
| student       |
+---------------+
3 rows in set (0.003 sec)

MariaDB [sms]> desc employee;
+-------+-------------+------+-----+---------+-------+
| Field | Type        | Null | Key | Default | Extra |
+-------+-------------+------+-----+---------+-------+
| empid | varchar(10) | NO   | PRI | NULL    |       |
| ename | varchar(20) | NO   |     | NULL    |       |
| age   | int(11)     | NO   |     | NULL    |       |
+-------+-------------+------+-----+---------+-------+
3 rows in set (0.051 sec)

MariaDB [sms]> insert into employee values('E001','reeta pandey',26);
ERROR 4025 (23000): CONSTRAINT `chk_id` failed for `sms`.`employee`
MariaDB [sms]> show create table;
ERROR 1064 (42000): You have an error in your SQL syntax; check the manual that corresponds to your MariaDB server version for the right syntax to use near '' at line 1
MariaDB [sms]> show create table employee;
+----------+---------------------------------------------------------------------------------------------------------------------------------------------------------------------------------------------------------------------------------------------------------------------------------------------------------------+
| Table    | Create Table                                                                                                                                                                                                                                                                                                  |
+----------+---------------------------------------------------------------------------------------------------------------------------------------------------------------------------------------------------------------------------------------------------------------------------------------------------------------+
| employee | CREATE TABLE `employee` (
  `empid` varchar(10) NOT NULL,
  `ename` varchar(20) NOT NULL,
  `age` int(11) NOT NULL,
  PRIMARY KEY (`empid`),
  CONSTRAINT `chk_id` CHECK (`empid` like 'E____'),
  CONSTRAINT `chk_ag` CHECK (`age` >= 25)
) ENGINE=InnoDB DEFAULT CHARSET=utf8mb4 COLLATE=utf8mb4_general_ci |
+----------+---------------------------------------------------------------------------------------------------------------------------------------------------------------------------------------------------------------------------------------------------------------------------------------------------------------+
1 row in set (0.001 sec)

MariaDB [sms]> insert into employee values('E0001','reeta pandey',23);
ERROR 4025 (23000): CONSTRAINT `chk_ag` failed for `sms`.`employee`
MariaDB [sms]> insert into employee values('E0001','reeta pandey',26);
Query OK, 1 row affected (0.003 sec)

MariaDB [sms]> select * employee;
ERROR 1064 (42000): You have an error in your SQL syntax; check the manual that corresponds to your MariaDB server version for the right syntax to use near 'employee' at line 1
MariaDB [sms]> select * from employee;
+-------+--------------+-----+
| empid | ename        | age |
+-------+--------------+-----+
| E0001 | reeta pandey |  26 |
+-------+--------------+-----+
1 row in set (0.000 sec)

MariaDB [sms]> create table customer(custid int primary key, cname varchar(20) not null,
    -> age int not null, city varchar(20) not null, constraint chk_age1 check(age>=21),
    -> constraint chk_city1 check(city in('Mumbai','Pune','Indore','Delhi')));
Query OK, 0 rows affected (0.016 sec)

MariaDB [sms]> desc customer;
+--------+-------------+------+-----+---------+-------+
| Field  | Type        | Null | Key | Default | Extra |
+--------+-------------+------+-----+---------+-------+
| custid | int(11)     | NO   | PRI | NULL    |       |
| cname  | varchar(20) | NO   |     | NULL    |       |
| age    | int(11)     | NO   |     | NULL    |       |
| city   | varchar(20) | NO   |     | NULL    |       |
+--------+-------------+------+-----+---------+-------+
4 rows in set (0.013 sec)

MariaDB [sms]> show create table customer;
+----------+-------------------------------------------------------------------------------------------------------------------------------------------------------------------------------------------------------------------------------------------------------------------------------------------------------------------------------------------------------------------------+
| Table    | Create Table                                                                                                                                                                                                                                                                                                                                                            |
+----------+-------------------------------------------------------------------------------------------------------------------------------------------------------------------------------------------------------------------------------------------------------------------------------------------------------------------------------------------------------------------------+
| customer | CREATE TABLE `customer` (
  `custid` int(11) NOT NULL,
  `cname` varchar(20) NOT NULL,
  `age` int(11) NOT NULL,
  `city` varchar(20) NOT NULL,
  PRIMARY KEY (`custid`),
  CONSTRAINT `chk_age1` CHECK (`age` >= 21),
  CONSTRAINT `chk_city1` CHECK (`city` in ('Mumbai','Pune','Indore','Delhi'))
) ENGINE=InnoDB DEFAULT CHARSET=utf8mb4 COLLATE=utf8mb4_general_ci |
+----------+-------------------------------------------------------------------------------------------------------------------------------------------------------------------------------------------------------------------------------------------------------------------------------------------------------------------------------------------------------------------------+
1 row in set (0.000 sec)

MariaDB [sms]> insert into customer values(112,'Reeta Pandey',23,'Pune');
Query OK, 1 row affected (0.050 sec)

MariaDB [sms]> select * from customer;
+--------+--------------+-----+------+
| custid | cname        | age | city |
+--------+--------------+-----+------+
|    112 | Reeta Pandey |  23 | Pune |
+--------+--------------+-----+------+
1 row in set (0.000 sec)

MariaDB [sms]> alter table customer drop constraint chk_age1;
Query OK, 0 rows affected (0.014 sec)
Records: 0  Duplicates: 0  Warnings: 0

MariaDB [sms]> show create table customer;
+----------+----------------------------------------------------------------------------------------------------------------------------------------------------------------------------------------------------------------------------------------------------------------------------------------------------------------------------+
| Table    | Create Table                                                                                                                                                                                                                                                                                                               |
+----------+----------------------------------------------------------------------------------------------------------------------------------------------------------------------------------------------------------------------------------------------------------------------------------------------------------------------------+
| customer | CREATE TABLE `customer` (
  `custid` int(11) NOT NULL,
  `cname` varchar(20) NOT NULL,
  `age` int(11) NOT NULL,
  `city` varchar(20) NOT NULL,
  PRIMARY KEY (`custid`),
  CONSTRAINT `chk_city1` CHECK (`city` in ('Mumbai','Pune','Indore','Delhi'))
) ENGINE=InnoDB DEFAULT CHARSET=utf8mb4 COLLATE=utf8mb4_general_ci |
+----------+----------------------------------------------------------------------------------------------------------------------------------------------------------------------------------------------------------------------------------------------------------------------------------------------------------------------------+
1 row in set (0.000 sec)

MariaDB [sms]> insert into customer values(113,'Mihir Ghadshi',20,'Mumbai');
Query OK, 1 row affected (0.003 sec)

MariaDB [sms]> select * from customer;
+--------+---------------+-----+--------+
| custid | cname         | age | city   |
+--------+---------------+-----+--------+
|    112 | Reeta Pandey  |  23 | Pune   |
|    113 | Mihir Ghadshi |  20 | Mumbai |
+--------+---------------+-----+--------+
2 rows in set (0.000 sec)

MariaDB [sms]> delete customer;
ERROR 1064 (42000): You have an error in your SQL syntax; check the manual that corresponds to your MariaDB server version for the right syntax to use near '' at line 1
MariaDB [sms]> delete from  customer;
Query OK, 2 rows affected (0.003 sec)

MariaDB [sms]> alter table customer add constarint chk_age1(age>=25);
ERROR 1064 (42000): You have an error in your SQL syntax; check the manual that corresponds to your MariaDB server version for the right syntax to use near '(age>=25)' at line 1
MariaDB [sms]> alter table customer add constraint chk_age1(age>=25);
ERROR 1064 (42000): You have an error in your SQL syntax; check the manual that corresponds to your MariaDB server version for the right syntax to use near '(age>=25)' at line 1
MariaDB [sms]> alter table customer add constraint chk_age1 check(age>=25);
Query OK, 0 rows affected (0.053 sec)
Records: 0  Duplicates: 0  Warnings: 0

MariaDB [sms]> show create table customer;
+----------+-------------------------------------------------------------------------------------------------------------------------------------------------------------------------------------------------------------------------------------------------------------------------------------------------------------------------------------------------------------------------+
| Table    | Create Table                                                                                                                                                                                                                                                                                                                                                            |
+----------+-------------------------------------------------------------------------------------------------------------------------------------------------------------------------------------------------------------------------------------------------------------------------------------------------------------------------------------------------------------------------+
| customer | CREATE TABLE `customer` (
  `custid` int(11) NOT NULL,
  `cname` varchar(20) NOT NULL,
  `age` int(11) NOT NULL,
  `city` varchar(20) NOT NULL,
  PRIMARY KEY (`custid`),
  CONSTRAINT `chk_city1` CHECK (`city` in ('Mumbai','Pune','Indore','Delhi')),
  CONSTRAINT `chk_age1` CHECK (`age` >= 25)
) ENGINE=InnoDB DEFAULT CHARSET=utf8mb4 COLLATE=utf8mb4_general_ci |
+----------+-------------------------------------------------------------------------------------------------------------------------------------------------------------------------------------------------------------------------------------------------------------------------------------------------------------------------------------------------------------------------+
1 row in set (0.001 sec)

MariaDB [sms]> select curdate();
+------------+
| curdate()  |
+------------+
| 2023-08-09 |
+------------+
1 row in set (0.000 sec)

MariaDB [sms]> current_date();
ERROR 1064 (42000): You have an error in your SQL syntax; check the manual that corresponds to your MariaDB server version for the right syntax to use near 'current_date()' at line 1
MariaDB [sms]> select current_date();
+----------------+
| current_date() |
+----------------+
| 2023-08-09     |
+----------------+
1 row in set (0.000 sec)

MariaDB [sms]> select now();
+---------------------+
| now()               |
+---------------------+
| 2023-08-09 16:42:10 |
+---------------------+
1 row in set (0.000 sec)

MariaDB [sms]> create table orders(order_id int primary key, product_id int not null,order_date date not null
    -> default curdate());
Query OK, 0 rows affected (0.063 sec)

MariaDB [sms]> desc orders;
+------------+---------+------+-----+-----------+-------+
| Field      | Type    | Null | Key | Default   | Extra |
+------------+---------+------+-----+-----------+-------+
| order_id   | int(11) | NO   | PRI | NULL      |       |
| product_id | int(11) | NO   |     | NULL      |       |
| order_date | date    | NO   |     | curdate() |       |
+------------+---------+------+-----+-----------+-------+
3 rows in set (0.017 sec)

MariaDB [sms]> insert into orders(order_id,product_id)values(110,10,(130,10),(140,30);
ERROR 1064 (42000): You have an error in your SQL syntax; check the manual that corresponds to your MariaDB server version for the right syntax to use near '' at line 1
MariaDB [sms]> insert into orders(order_id,product_id)values(110,10),(130,10),(140,30);
Query OK, 3 rows affected (0.003 sec)
Records: 3  Duplicates: 0  Warnings: 0

MariaDB [sms]> alter tables add order_time time not null default curtime();
ERROR 1064 (42000): You have an error in your SQL syntax; check the manual that corresponds to your MariaDB server version for the right syntax to use near 'tables add order_time time not null default curtime()' at line 1
MariaDB [sms]> alter table orders add order_time time not null default curtime();
Query OK, 0 rows affected (0.014 sec)
Records: 0  Duplicates: 0  Warnings: 0

MariaDB [sms]> select * from orders;
+----------+------------+------------+------------+
| order_id | product_id | order_date | order_time |
+----------+------------+------------+------------+
|      110 |         10 | 2023-08-09 | 16:57:40   |
|      130 |         10 | 2023-08-09 | 16:57:40   |
|      140 |         30 | 2023-08-09 | 16:57:40   |
+----------+------------+------------+------------+
3 rows in set (0.000 sec)

MariaDB [sms]> insert into orders(order_id,product_id)values(120,20);
Query OK, 1 row affected (0.003 sec)

MariaDB [sms]> select * from orders;
+----------+------------+------------+------------+
| order_id | product_id | order_date | order_time |
+----------+------------+------------+------------+
|      110 |         10 | 2023-08-09 | 16:57:40   |
|      120 |         20 | 2023-08-09 | 16:59:32   |
|      130 |         10 | 2023-08-09 | 16:57:40   |
|      140 |         30 | 2023-08-09 | 16:57:40   |
+----------+------------+------------+------------+
4 rows in set (0.000 sec)

MariaDB [sms]> delete from orders where oreder_id=130;
ERROR 1054 (42S22): Unknown column 'oreder_id' in 'where clause'
MariaDB [sms]> delete from orders where order_id=130;
Query OK, 1 row affected (0.004 sec)

MariaDB [sms]> select * from orders;
+----------+------------+------------+------------+
| order_id | product_id | order_date | order_time |
+----------+------------+------------+------------+
|      110 |         10 | 2023-08-09 | 16:57:40   |
|      120 |         20 | 2023-08-09 | 16:59:32   |
|      140 |         30 | 2023-08-09 | 16:57:40   |
+----------+------------+------------+------------+
3 rows in set (0.001 sec)

MariaDB [sms]> truncate orders;
Query OK, 0 rows affected (0.022 sec)

MariaDB [sms]> select * from orders;
Empty set (0.000 sec)

MariaDB [sms]> insert into orders(order_id,product_id)values(110,10),(120,20),(130,10),(140,30);
Query OK, 4 rows affected (0.003 sec)
Records: 4  Duplicates: 0  Warnings: 0

MariaDB [sms]> alter table orders add order_time time not null default curtime();
ERROR 1060 (42S21): Duplicate column name 'order_time'
MariaDB [sms]> alter table orders add order_time time not null default curtime();
ERROR 1060 (42S21): Duplicate column name 'order_time'
MariaDB [sms]> select * from orders;
+----------+------------+------------+------------+
| order_id | product_id | order_date | order_time |
+----------+------------+------------+------------+
|      110 |         10 | 2023-08-09 | 17:02:20   |
|      120 |         20 | 2023-08-09 | 17:02:20   |
|      130 |         10 | 2023-08-09 | 17:02:20   |
|      140 |         30 | 2023-08-09 | 17:02:20   |
+----------+------------+------------+------------+
4 rows in set (0.000 sec)

MariaDB [sms]> alter table orders add order_time time not null default curtime();
ERROR 1060 (42S21): Duplicate column name 'order_time'
MariaDB [sms]> exit
Bye

Itvedant CR-07@CR3-PC07 c:\xampp
#